ERROR I print this on the console and the error.log upper
ERROR I print this on the console and the error.log upper
ERROR Error
ERROR I print this on the console and the error.log upper
ERROR I print this on the console and the error.log upper
ERROR I print this on the console and the error.log upper
ERROR Exception occurred
Traceback (most recent call last):
  File "E:\LEARNING\DevSinc Internship\DJANGO\myproject\userapp\views.py", line 15, in login_user
    raise Exception("Error")
Exception: Error
ERROR Error details: <class 'Exception'>, File: views.py, Line: 15
ERROR I print this on the console and the error.log above
ERROR Internal Server Error: /userapp/signup
Traceback (most recent call last):
  File "E:\LEARNING\DevSinc Internship\DJANGO\myproject\env\Lib\site-packages\django\core\handlers\exception.py", line 55, in inner
    response = get_response(request)
               ^^^^^^^^^^^^^^^^^^^^^
  File "E:\LEARNING\DevSinc Internship\DJANGO\myproject\env\Lib\site-packages\django\core\handlers\base.py", line 197, in _get_response
    response = wrapped_callback(request, *callback_args, **callback_kwargs)
               ^^^^^^^^^^^^^^^^^^^^^^^^^^^^^^^^^^^^^^^^^^^^^^^^^^^^^^^^^^^^
  File "E:\LEARNING\DevSinc Internship\DJANGO\myproject\userapp\views.py", line 65, in signup
    user = User.objects.create_user(username, email, password1)
           ^^^^^^^^^^^^^^^^^^^^^^^^^^^^^^^^^^^^^^^^^^^^^^^^^^^^
  File "E:\LEARNING\DevSinc Internship\DJANGO\myproject\env\Lib\site-packages\django\contrib\auth\models.py", line 162, in create_user
    return self._create_user(username, email, password, **extra_fields)
           ^^^^^^^^^^^^^^^^^^^^^^^^^^^^^^^^^^^^^^^^^^^^^^^^^^^^^^^^^^^^
  File "E:\LEARNING\DevSinc Internship\DJANGO\myproject\env\Lib\site-packages\django\contrib\auth\models.py", line 156, in _create_user
    user.save(using=self._db)
  File "E:\LEARNING\DevSinc Internship\DJANGO\myproject\env\Lib\site-packages\django\contrib\auth\base_user.py", line 62, in save
    super().save(*args, **kwargs)
  File "E:\LEARNING\DevSinc Internship\DJANGO\myproject\env\Lib\site-packages\django\db\models\base.py", line 892, in save
    self.save_base(
  File "E:\LEARNING\DevSinc Internship\DJANGO\myproject\env\Lib\site-packages\django\db\models\base.py", line 1013, in save_base
    post_save.send(
  File "E:\LEARNING\DevSinc Internship\DJANGO\myproject\env\Lib\site-packages\django\dispatch\dispatcher.py", line 189, in send
    response = receiver(signal=self, sender=sender, **named)
               ^^^^^^^^^^^^^^^^^^^^^^^^^^^^^^^^^^^^^^^^^^^^^
TypeError: signup() missing 1 required positional argument: 'request'
ERROR "POST /userapp/signup HTTP/1.1" 500 99688
ERROR Internal Server Error: /userapp/signup
Traceback (most recent call last):
  File "E:\LEARNING\DevSinc Internship\DJANGO\myproject\env\Lib\site-packages\django\core\handlers\exception.py", line 55, in inner
    response = get_response(request)
               ^^^^^^^^^^^^^^^^^^^^^
  File "E:\LEARNING\DevSinc Internship\DJANGO\myproject\env\Lib\site-packages\django\core\handlers\base.py", line 197, in _get_response
    response = wrapped_callback(request, *callback_args, **callback_kwargs)
               ^^^^^^^^^^^^^^^^^^^^^^^^^^^^^^^^^^^^^^^^^^^^^^^^^^^^^^^^^^^^
  File "E:\LEARNING\DevSinc Internship\DJANGO\myproject\userapp\views.py", line 65, in signup
    user = User.objects.create_user(request,username, email, password1)
           ^^^^^^^^^^^^^^^^^^^^^^^^^^^^^^^^^^^^^^^^^^^^^^^^^^^^^^^^^^^^
TypeError: UserManager.create_user() takes from 2 to 4 positional arguments but 5 were given
ERROR "POST /userapp/signup HTTP/1.1" 500 70232
ERROR Internal Server Error: /userapp/signup
Traceback (most recent call last):
  File "E:\LEARNING\DevSinc Internship\DJANGO\myproject\env\Lib\site-packages\django\db\backends\utils.py", line 105, in _execute
    return self.cursor.execute(sql, params)
           ^^^^^^^^^^^^^^^^^^^^^^^^^^^^^^^^
  File "E:\LEARNING\DevSinc Internship\DJANGO\myproject\env\Lib\site-packages\django\db\backends\sqlite3\base.py", line 354, in execute
    return super().execute(query, params)
           ^^^^^^^^^^^^^^^^^^^^^^^^^^^^^^
sqlite3.IntegrityError: UNIQUE constraint failed: auth_user.username

The above exception was the direct cause of the following exception:

Traceback (most recent call last):
  File "E:\LEARNING\DevSinc Internship\DJANGO\myproject\env\Lib\site-packages\django\core\handlers\exception.py", line 55, in inner
    response = get_response(request)
               ^^^^^^^^^^^^^^^^^^^^^
  File "E:\LEARNING\DevSinc Internship\DJANGO\myproject\env\Lib\site-packages\django\core\handlers\base.py", line 197, in _get_response
    response = wrapped_callback(request, *callback_args, **callback_kwargs)
               ^^^^^^^^^^^^^^^^^^^^^^^^^^^^^^^^^^^^^^^^^^^^^^^^^^^^^^^^^^^^
  File "E:\LEARNING\DevSinc Internship\DJANGO\myproject\userapp\views.py", line 65, in signup
    user = User.objects.create_user(username, email, password1)
           ^^^^^^^^^^^^^^^^^^^^^^^^^^^^^^^^^^^^^^^^^^^^^^^^^^^^
  File "E:\LEARNING\DevSinc Internship\DJANGO\myproject\env\Lib\site-packages\django\contrib\auth\models.py", line 162, in create_user
    return self._create_user(username, email, password, **extra_fields)
           ^^^^^^^^^^^^^^^^^^^^^^^^^^^^^^^^^^^^^^^^^^^^^^^^^^^^^^^^^^^^
  File "E:\LEARNING\DevSinc Internship\DJANGO\myproject\env\Lib\site-packages\django\contrib\auth\models.py", line 156, in _create_user
    user.save(using=self._db)
  File "E:\LEARNING\DevSinc Internship\DJANGO\myproject\env\Lib\site-packages\django\contrib\auth\base_user.py", line 62, in save
    super().save(*args, **kwargs)
  File "E:\LEARNING\DevSinc Internship\DJANGO\myproject\env\Lib\site-packages\django\db\models\base.py", line 892, in save
    self.save_base(
  File "E:\LEARNING\DevSinc Internship\DJANGO\myproject\env\Lib\site-packages\django\db\models\base.py", line 998, in save_base
    updated = self._save_table(
              ^^^^^^^^^^^^^^^^^
  File "E:\LEARNING\DevSinc Internship\DJANGO\myproject\env\Lib\site-packages\django\db\models\base.py", line 1161, in _save_table
    results = self._do_insert(
              ^^^^^^^^^^^^^^^^
  File "E:\LEARNING\DevSinc Internship\DJANGO\myproject\env\Lib\site-packages\django\db\models\base.py", line 1202, in _do_insert
    return manager._insert(
           ^^^^^^^^^^^^^^^^
  File "E:\LEARNING\DevSinc Internship\DJANGO\myproject\env\Lib\site-packages\django\db\models\manager.py", line 87, in manager_method
    return getattr(self.get_queryset(), name)(*args, **kwargs)
           ^^^^^^^^^^^^^^^^^^^^^^^^^^^^^^^^^^^^^^^^^^^^^^^^^^^
  File "E:\LEARNING\DevSinc Internship\DJANGO\myproject\env\Lib\site-packages\django\db\models\query.py", line 1847, in _insert
    return query.get_compiler(using=using).execute_sql(returning_fields)
           ^^^^^^^^^^^^^^^^^^^^^^^^^^^^^^^^^^^^^^^^^^^^^^^^^^^^^^^^^^^^^
  File "E:\LEARNING\DevSinc Internship\DJANGO\myproject\env\Lib\site-packages\django\db\models\sql\compiler.py", line 1836, in execute_sql
    cursor.execute(sql, params)
  File "E:\LEARNING\DevSinc Internship\DJANGO\myproject\env\Lib\site-packages\django\db\backends\utils.py", line 122, in execute
    return super().execute(sql, params)
           ^^^^^^^^^^^^^^^^^^^^^^^^^^^^
  File "E:\LEARNING\DevSinc Internship\DJANGO\myproject\env\Lib\site-packages\django\db\backends\utils.py", line 79, in execute
    return self._execute_with_wrappers(
           ^^^^^^^^^^^^^^^^^^^^^^^^^^^^
  File "E:\LEARNING\DevSinc Internship\DJANGO\myproject\env\Lib\site-packages\django\db\backends\utils.py", line 92, in _execute_with_wrappers
    return executor(sql, params, many, context)
           ^^^^^^^^^^^^^^^^^^^^^^^^^^^^^^^^^^^^
  File "E:\LEARNING\DevSinc Internship\DJANGO\myproject\env\Lib\site-packages\django\db\backends\utils.py", line 100, in _execute
    with self.db.wrap_database_errors:
         ^^^^^^^^^^^^^^^^^^^^^^^^^^^^
  File "E:\LEARNING\DevSinc Internship\DJANGO\myproject\env\Lib\site-packages\django\db\utils.py", line 91, in __exit__
    raise dj_exc_value.with_traceback(traceback) from exc_value
  File "E:\LEARNING\DevSinc Internship\DJANGO\myproject\env\Lib\site-packages\django\db\backends\utils.py", line 105, in _execute
    return self.cursor.execute(sql, params)
           ^^^^^^^^^^^^^^^^^^^^^^^^^^^^^^^^
  File "E:\LEARNING\DevSinc Internship\DJANGO\myproject\env\Lib\site-packages\django\db\backends\sqlite3\base.py", line 354, in execute
    return super().execute(query, params)
           ^^^^^^^^^^^^^^^^^^^^^^^^^^^^^^
django.db.utils.IntegrityError: UNIQUE constraint failed: auth_user.username
ERROR "POST /userapp/signup HTTP/1.1" 500 171220
ERROR "GET /crud/retrieve HTTP/1.1" 500 59
ERROR Exception occurred
Traceback (most recent call last):
  File "E:\LEARNING\DevSinc Internship\DJANGO\myproject\userapp\views.py", line 15, in login_user
    raise Exception("Error")
Exception: Error
ERROR Error details: <class 'Exception'>, File: views.py, Line: 15
ERROR Exception occurred
Traceback (most recent call last):
  File "E:\LEARNING\DevSinc Internship\DJANGO\myproject\userapp\views.py", line 15, in login_user
    raise Exception("Error")
Exception: Error
ERROR Error details: <class 'Exception'>, File: views.py, Line: 15
ERROR Exception occurred
Traceback (most recent call last):
  File "E:\LEARNING\DevSinc Internship\DJANGO\myproject\userapp\views.py", line 18, in login_user
    raise Exception("Error")
Exception: Error
ERROR Error details: <class 'Exception'>, File: views.py, Line: 18
ERROR Exception occurred
Traceback (most recent call last):
  File "E:\LEARNING\DevSinc Internship\DJANGO\myproject\userapp\views.py", line 18, in login_user
    raise Exception("Error")
Exception: Error
ERROR Error details: <class 'Exception'>, File: views.py, Line: 18
ERROR Internal Server Error: /crud/retrieve
Traceback (most recent call last):
  File "E:\LEARNING\DevSinc Internship\DJANGO\myproject\env\Lib\site-packages\django\core\handlers\exception.py", line 55, in inner
    response = get_response(request)
               ^^^^^^^^^^^^^^^^^^^^^
  File "E:\LEARNING\DevSinc Internship\DJANGO\myproject\env\Lib\site-packages\django\core\handlers\base.py", line 197, in _get_response
    response = wrapped_callback(request, *callback_args, **callback_kwargs)
               ^^^^^^^^^^^^^^^^^^^^^^^^^^^^^^^^^^^^^^^^^^^^^^^^^^^^^^^^^^^^
  File "E:\LEARNING\DevSinc Internship\DJANGO\myproject\crud\views.py", line 69, in retrieve_view
    print("pages" , users)
                    ^^^^^
NameError: name 'users' is not defined
ERROR "GET /crud/retrieve?page=2 HTTP/1.1" 500 68694
ERROR Exception occurred
Traceback (most recent call last):
  File "E:\LEARNING\DevSinc Internship\DJANGO\myproject\userapp\views.py", line 18, in login_user
    raise Exception("Error")
Exception: Error
ERROR Error details: <class 'Exception'>, File: views.py, Line: 18
ERROR Exception occurred
Traceback (most recent call last):
  File "E:\LEARNING\DevSinc Internship\DJANGO\myproject\userapp\views.py", line 18, in login_user
    raise Exception("Error")
Exception: Error
ERROR Error details: <class 'Exception'>, File: views.py, Line: 18
ERROR Exception occurred
Traceback (most recent call last):
  File "E:\LEARNING\DevSinc Internship\DJANGO\myproject\userapp\views.py", line 18, in login_user
    raise Exception("Error")
Exception: Error
ERROR Error details: <class 'Exception'>, File: views.py, Line: 18
ERROR Internal Server Error: /en/crud/retrieve
Traceback (most recent call last):
  File "E:\LEARNING\DevSinc Internship\DJANGO\myproject\env\Lib\site-packages\django\core\handlers\exception.py", line 55, in inner
    response = get_response(request)
               ^^^^^^^^^^^^^^^^^^^^^
  File "E:\LEARNING\DevSinc Internship\DJANGO\myproject\env\Lib\site-packages\django\core\handlers\base.py", line 197, in _get_response
    response = wrapped_callback(request, *callback_args, **callback_kwargs)
               ^^^^^^^^^^^^^^^^^^^^^^^^^^^^^^^^^^^^^^^^^^^^^^^^^^^^^^^^^^^^
  File "E:\LEARNING\DevSinc Internship\DJANGO\myproject\crud\views.py", line 72, in retrieve_view
    users = _(page_obj)
            ^^^^^^^^^^^
  File "E:\LEARNING\DevSinc Internship\DJANGO\myproject\env\Lib\site-packages\django\utils\translation\__init__.py", line 96, in gettext
    return _trans.gettext(message)
           ^^^^^^^^^^^^^^^^^^^^^^^
  File "E:\LEARNING\DevSinc Internship\DJANGO\myproject\env\Lib\site-packages\django\utils\translation\trans_real.py", line 378, in gettext
    eol_message = message.replace("\r\n", "\n").replace("\r", "\n")
                  ^^^^^^^^^^^^^^^
AttributeError: 'Page' object has no attribute 'replace'
ERROR Internal Server Error: /en/crud/retrieve
Traceback (most recent call last):
  File "E:\LEARNING\DevSinc Internship\DJANGO\myproject\env\Lib\site-packages\django\core\handlers\exception.py", line 55, in inner
    response = get_response(request)
               ^^^^^^^^^^^^^^^^^^^^^
  File "E:\LEARNING\DevSinc Internship\DJANGO\myproject\env\Lib\site-packages\django\core\handlers\base.py", line 197, in _get_response
    response = wrapped_callback(request, *callback_args, **callback_kwargs)
               ^^^^^^^^^^^^^^^^^^^^^^^^^^^^^^^^^^^^^^^^^^^^^^^^^^^^^^^^^^^^
  File "E:\LEARNING\DevSinc Internship\DJANGO\myproject\crud\views.py", line 72, in retrieve_view
    users = _(page_obj)
            ^^^^^^^^^^^
  File "E:\LEARNING\DevSinc Internship\DJANGO\myproject\env\Lib\site-packages\django\utils\translation\__init__.py", line 96, in gettext
    return _trans.gettext(message)
           ^^^^^^^^^^^^^^^^^^^^^^^
  File "E:\LEARNING\DevSinc Internship\DJANGO\myproject\env\Lib\site-packages\django\utils\translation\trans_real.py", line 378, in gettext
    eol_message = message.replace("\r\n", "\n").replace("\r", "\n")
                  ^^^^^^^^^^^^^^^
AttributeError: 'Page' object has no attribute 'replace'
ERROR "GET /en/crud/retrieve HTTP/1.1" 500 72129
ERROR Internal Server Error: /en/crud/retrieve
Traceback (most recent call last):
  File "E:\LEARNING\DevSinc Internship\DJANGO\myproject\env\Lib\site-packages\django\core\handlers\exception.py", line 55, in inner
    response = get_response(request)
               ^^^^^^^^^^^^^^^^^^^^^
  File "E:\LEARNING\DevSinc Internship\DJANGO\myproject\env\Lib\site-packages\django\core\handlers\base.py", line 197, in _get_response
    response = wrapped_callback(request, *callback_args, **callback_kwargs)
               ^^^^^^^^^^^^^^^^^^^^^^^^^^^^^^^^^^^^^^^^^^^^^^^^^^^^^^^^^^^^
  File "E:\LEARNING\DevSinc Internship\DJANGO\myproject\crud\views.py", line 72, in retrieve_view
    users = _(page_obj)
            ^^^^^^^^^^^
  File "E:\LEARNING\DevSinc Internship\DJANGO\myproject\env\Lib\site-packages\django\utils\translation\__init__.py", line 96, in gettext
    return _trans.gettext(message)
           ^^^^^^^^^^^^^^^^^^^^^^^
  File "E:\LEARNING\DevSinc Internship\DJANGO\myproject\env\Lib\site-packages\django\utils\translation\trans_real.py", line 378, in gettext
    eol_message = message.replace("\r\n", "\n").replace("\r", "\n")
                  ^^^^^^^^^^^^^^^
AttributeError: 'Page' object has no attribute 'replace'
ERROR Internal Server Error: /en/crud/retrieve
Traceback (most recent call last):
  File "E:\LEARNING\DevSinc Internship\DJANGO\myproject\env\Lib\site-packages\django\core\handlers\exception.py", line 55, in inner
    response = get_response(request)
               ^^^^^^^^^^^^^^^^^^^^^
  File "E:\LEARNING\DevSinc Internship\DJANGO\myproject\env\Lib\site-packages\django\core\handlers\base.py", line 197, in _get_response
    response = wrapped_callback(request, *callback_args, **callback_kwargs)
               ^^^^^^^^^^^^^^^^^^^^^^^^^^^^^^^^^^^^^^^^^^^^^^^^^^^^^^^^^^^^
  File "E:\LEARNING\DevSinc Internship\DJANGO\myproject\crud\views.py", line 72, in retrieve_view
    users = _(page_obj)
            ^^^^^^^^^^^
  File "E:\LEARNING\DevSinc Internship\DJANGO\myproject\env\Lib\site-packages\django\utils\translation\__init__.py", line 96, in gettext
    return _trans.gettext(message)
           ^^^^^^^^^^^^^^^^^^^^^^^
  File "E:\LEARNING\DevSinc Internship\DJANGO\myproject\env\Lib\site-packages\django\utils\translation\trans_real.py", line 378, in gettext
    eol_message = message.replace("\r\n", "\n").replace("\r", "\n")
                  ^^^^^^^^^^^^^^^
AttributeError: 'Page' object has no attribute 'replace'
ERROR "GET /en/crud/retrieve HTTP/1.1" 500 71855
ERROR Internal Server Error: /
Traceback (most recent call last):
  File "E:\LEARNING\DevSinc Internship\DJANGO\myproject\env\Lib\site-packages\django\template\base.py", line 510, in parse
    compile_func = self.tags[command]
                   ~~~~~~~~~^^^^^^^^^
KeyError: 'blocktrans'

During handling of the above exception, another exception occurred:

Traceback (most recent call last):
  File "E:\LEARNING\DevSinc Internship\DJANGO\myproject\env\Lib\site-packages\django\core\handlers\exception.py", line 55, in inner
    response = get_response(request)
               ^^^^^^^^^^^^^^^^^^^^^
  File "E:\LEARNING\DevSinc Internship\DJANGO\myproject\env\Lib\site-packages\django\core\handlers\base.py", line 197, in _get_response
    response = wrapped_callback(request, *callback_args, **callback_kwargs)
               ^^^^^^^^^^^^^^^^^^^^^^^^^^^^^^^^^^^^^^^^^^^^^^^^^^^^^^^^^^^^
  File "E:\LEARNING\DevSinc Internship\DJANGO\myproject\crud\views.py", line 108, in home
    return render(request, "home.html")
           ^^^^^^^^^^^^^^^^^^^^^^^^^^^^
  File "E:\LEARNING\DevSinc Internship\DJANGO\myproject\env\Lib\site-packages\django\shortcuts.py", line 25, in render
    content = loader.render_to_string(template_name, context, request, using=using)
              ^^^^^^^^^^^^^^^^^^^^^^^^^^^^^^^^^^^^^^^^^^^^^^^^^^^^^^^^^^^^^^^^^^^^^
  File "E:\LEARNING\DevSinc Internship\DJANGO\myproject\env\Lib\site-packages\django\template\loader.py", line 62, in render_to_string
    return template.render(context, request)
           ^^^^^^^^^^^^^^^^^^^^^^^^^^^^^^^^^
  File "E:\LEARNING\DevSinc Internship\DJANGO\myproject\env\Lib\site-packages\django\template\backends\django.py", line 107, in render
    return self.template.render(context)
           ^^^^^^^^^^^^^^^^^^^^^^^^^^^^^
  File "E:\LEARNING\DevSinc Internship\DJANGO\myproject\env\Lib\site-packages\django\template\base.py", line 171, in render
    return self._render(context)
           ^^^^^^^^^^^^^^^^^^^^^
  File "E:\LEARNING\DevSinc Internship\DJANGO\myproject\env\Lib\site-packages\django\template\base.py", line 163, in _render
    return self.nodelist.render(context)
           ^^^^^^^^^^^^^^^^^^^^^^^^^^^^^
  File "E:\LEARNING\DevSinc Internship\DJANGO\myproject\env\Lib\site-packages\django\template\base.py", line 1008, in render
    return SafeString("".join([node.render_annotated(context) for node in self]))
                               ^^^^^^^^^^^^^^^^^^^^^^^^^^^^^^
  File "E:\LEARNING\DevSinc Internship\DJANGO\myproject\env\Lib\site-packages\django\template\base.py", line 969, in render_annotated
    return self.render(context)
           ^^^^^^^^^^^^^^^^^^^^
  File "E:\LEARNING\DevSinc Internship\DJANGO\myproject\env\Lib\site-packages\django\template\loader_tags.py", line 134, in render
    compiled_parent = self.get_parent(context)
                      ^^^^^^^^^^^^^^^^^^^^^^^^
  File "E:\LEARNING\DevSinc Internship\DJANGO\myproject\env\Lib\site-packages\django\template\loader_tags.py", line 131, in get_parent
    return self.find_template(parent, context)
           ^^^^^^^^^^^^^^^^^^^^^^^^^^^^^^^^^^^
  File "E:\LEARNING\DevSinc Internship\DJANGO\myproject\env\Lib\site-packages\django\template\loader_tags.py", line 109, in find_template
    template, origin = context.template.engine.find_template(
                       ^^^^^^^^^^^^^^^^^^^^^^^^^^^^^^^^^^^^^^
  File "E:\LEARNING\DevSinc Internship\DJANGO\myproject\env\Lib\site-packages\django\template\engine.py", line 159, in find_template
    template = loader.get_template(name, skip=skip)
               ^^^^^^^^^^^^^^^^^^^^^^^^^^^^^^^^^^^^
  File "E:\LEARNING\DevSinc Internship\DJANGO\myproject\env\Lib\site-packages\django\template\loaders\cached.py", line 57, in get_template
    template = super().get_template(template_name, skip)
               ^^^^^^^^^^^^^^^^^^^^^^^^^^^^^^^^^^^^^^^^^
  File "E:\LEARNING\DevSinc Internship\DJANGO\myproject\env\Lib\site-packages\django\template\loaders\base.py", line 28, in get_template
    return Template(
           ^^^^^^^^^
  File "E:\LEARNING\DevSinc Internship\DJANGO\myproject\env\Lib\site-packages\django\template\base.py", line 154, in __init__
    self.nodelist = self.compile_nodelist()
                    ^^^^^^^^^^^^^^^^^^^^^^^
  File "E:\LEARNING\DevSinc Internship\DJANGO\myproject\env\Lib\site-packages\django\template\base.py", line 196, in compile_nodelist
    nodelist = parser.parse()
               ^^^^^^^^^^^^^^
  File "E:\LEARNING\DevSinc Internship\DJANGO\myproject\env\Lib\site-packages\django\template\base.py", line 512, in parse
    self.invalid_block_tag(token, command, parse_until)
  File "E:\LEARNING\DevSinc Internship\DJANGO\myproject\env\Lib\site-packages\django\template\base.py", line 573, in invalid_block_tag
    raise self.error(
django.template.exceptions.TemplateSyntaxError: Invalid block tag on line 19: 'blocktrans'. Did you forget to register or load this tag?
ERROR Internal Server Error: /
Traceback (most recent call last):
  File "E:\LEARNING\DevSinc Internship\DJANGO\myproject\env\Lib\site-packages\django\template\base.py", line 510, in parse
    compile_func = self.tags[command]
                   ~~~~~~~~~^^^^^^^^^
KeyError: 'blocktrans'

During handling of the above exception, another exception occurred:

Traceback (most recent call last):
  File "E:\LEARNING\DevSinc Internship\DJANGO\myproject\env\Lib\site-packages\django\core\handlers\exception.py", line 55, in inner
    response = get_response(request)
               ^^^^^^^^^^^^^^^^^^^^^
  File "E:\LEARNING\DevSinc Internship\DJANGO\myproject\env\Lib\site-packages\django\core\handlers\base.py", line 197, in _get_response
    response = wrapped_callback(request, *callback_args, **callback_kwargs)
               ^^^^^^^^^^^^^^^^^^^^^^^^^^^^^^^^^^^^^^^^^^^^^^^^^^^^^^^^^^^^
  File "E:\LEARNING\DevSinc Internship\DJANGO\myproject\crud\views.py", line 108, in home
    return render(request, "home.html")
           ^^^^^^^^^^^^^^^^^^^^^^^^^^^^
  File "E:\LEARNING\DevSinc Internship\DJANGO\myproject\env\Lib\site-packages\django\shortcuts.py", line 25, in render
    content = loader.render_to_string(template_name, context, request, using=using)
              ^^^^^^^^^^^^^^^^^^^^^^^^^^^^^^^^^^^^^^^^^^^^^^^^^^^^^^^^^^^^^^^^^^^^^
  File "E:\LEARNING\DevSinc Internship\DJANGO\myproject\env\Lib\site-packages\django\template\loader.py", line 62, in render_to_string
    return template.render(context, request)
           ^^^^^^^^^^^^^^^^^^^^^^^^^^^^^^^^^
  File "E:\LEARNING\DevSinc Internship\DJANGO\myproject\env\Lib\site-packages\django\template\backends\django.py", line 107, in render
    return self.template.render(context)
           ^^^^^^^^^^^^^^^^^^^^^^^^^^^^^
  File "E:\LEARNING\DevSinc Internship\DJANGO\myproject\env\Lib\site-packages\django\template\base.py", line 171, in render
    return self._render(context)
           ^^^^^^^^^^^^^^^^^^^^^
  File "E:\LEARNING\DevSinc Internship\DJANGO\myproject\env\Lib\site-packages\django\template\base.py", line 163, in _render
    return self.nodelist.render(context)
           ^^^^^^^^^^^^^^^^^^^^^^^^^^^^^
  File "E:\LEARNING\DevSinc Internship\DJANGO\myproject\env\Lib\site-packages\django\template\base.py", line 1008, in render
    return SafeString("".join([node.render_annotated(context) for node in self]))
                               ^^^^^^^^^^^^^^^^^^^^^^^^^^^^^^
  File "E:\LEARNING\DevSinc Internship\DJANGO\myproject\env\Lib\site-packages\django\template\base.py", line 969, in render_annotated
    return self.render(context)
           ^^^^^^^^^^^^^^^^^^^^
  File "E:\LEARNING\DevSinc Internship\DJANGO\myproject\env\Lib\site-packages\django\template\loader_tags.py", line 134, in render
    compiled_parent = self.get_parent(context)
                      ^^^^^^^^^^^^^^^^^^^^^^^^
  File "E:\LEARNING\DevSinc Internship\DJANGO\myproject\env\Lib\site-packages\django\template\loader_tags.py", line 131, in get_parent
    return self.find_template(parent, context)
           ^^^^^^^^^^^^^^^^^^^^^^^^^^^^^^^^^^^
  File "E:\LEARNING\DevSinc Internship\DJANGO\myproject\env\Lib\site-packages\django\template\loader_tags.py", line 109, in find_template
    template, origin = context.template.engine.find_template(
                       ^^^^^^^^^^^^^^^^^^^^^^^^^^^^^^^^^^^^^^
  File "E:\LEARNING\DevSinc Internship\DJANGO\myproject\env\Lib\site-packages\django\template\engine.py", line 159, in find_template
    template = loader.get_template(name, skip=skip)
               ^^^^^^^^^^^^^^^^^^^^^^^^^^^^^^^^^^^^
  File "E:\LEARNING\DevSinc Internship\DJANGO\myproject\env\Lib\site-packages\django\template\loaders\cached.py", line 57, in get_template
    template = super().get_template(template_name, skip)
               ^^^^^^^^^^^^^^^^^^^^^^^^^^^^^^^^^^^^^^^^^
  File "E:\LEARNING\DevSinc Internship\DJANGO\myproject\env\Lib\site-packages\django\template\loaders\base.py", line 28, in get_template
    return Template(
           ^^^^^^^^^
  File "E:\LEARNING\DevSinc Internship\DJANGO\myproject\env\Lib\site-packages\django\template\base.py", line 154, in __init__
    self.nodelist = self.compile_nodelist()
                    ^^^^^^^^^^^^^^^^^^^^^^^
  File "E:\LEARNING\DevSinc Internship\DJANGO\myproject\env\Lib\site-packages\django\template\base.py", line 196, in compile_nodelist
    nodelist = parser.parse()
               ^^^^^^^^^^^^^^
  File "E:\LEARNING\DevSinc Internship\DJANGO\myproject\env\Lib\site-packages\django\template\base.py", line 512, in parse
    self.invalid_block_tag(token, command, parse_until)
  File "E:\LEARNING\DevSinc Internship\DJANGO\myproject\env\Lib\site-packages\django\template\base.py", line 573, in invalid_block_tag
    raise self.error(
django.template.exceptions.TemplateSyntaxError: Invalid block tag on line 19: 'blocktrans'. Did you forget to register or load this tag?
ERROR "GET / HTTP/1.1" 500 165752
ERROR Internal Server Error: /
Traceback (most recent call last):
  File "E:\LEARNING\DevSinc Internship\DJANGO\myproject\env\Lib\site-packages\django\template\base.py", line 510, in parse
    compile_func = self.tags[command]
                   ~~~~~~~~~^^^^^^^^^
KeyError: 'blocktrans'

During handling of the above exception, another exception occurred:

Traceback (most recent call last):
  File "E:\LEARNING\DevSinc Internship\DJANGO\myproject\env\Lib\site-packages\django\core\handlers\exception.py", line 55, in inner
    response = get_response(request)
               ^^^^^^^^^^^^^^^^^^^^^
  File "E:\LEARNING\DevSinc Internship\DJANGO\myproject\env\Lib\site-packages\django\core\handlers\base.py", line 197, in _get_response
    response = wrapped_callback(request, *callback_args, **callback_kwargs)
               ^^^^^^^^^^^^^^^^^^^^^^^^^^^^^^^^^^^^^^^^^^^^^^^^^^^^^^^^^^^^
  File "E:\LEARNING\DevSinc Internship\DJANGO\myproject\crud\views.py", line 108, in home
    return render(request, "home.html")
           ^^^^^^^^^^^^^^^^^^^^^^^^^^^^
  File "E:\LEARNING\DevSinc Internship\DJANGO\myproject\env\Lib\site-packages\django\shortcuts.py", line 25, in render
    content = loader.render_to_string(template_name, context, request, using=using)
              ^^^^^^^^^^^^^^^^^^^^^^^^^^^^^^^^^^^^^^^^^^^^^^^^^^^^^^^^^^^^^^^^^^^^^
  File "E:\LEARNING\DevSinc Internship\DJANGO\myproject\env\Lib\site-packages\django\template\loader.py", line 62, in render_to_string
    return template.render(context, request)
           ^^^^^^^^^^^^^^^^^^^^^^^^^^^^^^^^^
  File "E:\LEARNING\DevSinc Internship\DJANGO\myproject\env\Lib\site-packages\django\template\backends\django.py", line 107, in render
    return self.template.render(context)
           ^^^^^^^^^^^^^^^^^^^^^^^^^^^^^
  File "E:\LEARNING\DevSinc Internship\DJANGO\myproject\env\Lib\site-packages\django\template\base.py", line 171, in render
    return self._render(context)
           ^^^^^^^^^^^^^^^^^^^^^
  File "E:\LEARNING\DevSinc Internship\DJANGO\myproject\env\Lib\site-packages\django\template\base.py", line 163, in _render
    return self.nodelist.render(context)
           ^^^^^^^^^^^^^^^^^^^^^^^^^^^^^
  File "E:\LEARNING\DevSinc Internship\DJANGO\myproject\env\Lib\site-packages\django\template\base.py", line 1008, in render
    return SafeString("".join([node.render_annotated(context) for node in self]))
                               ^^^^^^^^^^^^^^^^^^^^^^^^^^^^^^
  File "E:\LEARNING\DevSinc Internship\DJANGO\myproject\env\Lib\site-packages\django\template\base.py", line 969, in render_annotated
    return self.render(context)
           ^^^^^^^^^^^^^^^^^^^^
  File "E:\LEARNING\DevSinc Internship\DJANGO\myproject\env\Lib\site-packages\django\template\loader_tags.py", line 134, in render
    compiled_parent = self.get_parent(context)
                      ^^^^^^^^^^^^^^^^^^^^^^^^
  File "E:\LEARNING\DevSinc Internship\DJANGO\myproject\env\Lib\site-packages\django\template\loader_tags.py", line 131, in get_parent
    return self.find_template(parent, context)
           ^^^^^^^^^^^^^^^^^^^^^^^^^^^^^^^^^^^
  File "E:\LEARNING\DevSinc Internship\DJANGO\myproject\env\Lib\site-packages\django\template\loader_tags.py", line 109, in find_template
    template, origin = context.template.engine.find_template(
                       ^^^^^^^^^^^^^^^^^^^^^^^^^^^^^^^^^^^^^^
  File "E:\LEARNING\DevSinc Internship\DJANGO\myproject\env\Lib\site-packages\django\template\engine.py", line 159, in find_template
    template = loader.get_template(name, skip=skip)
               ^^^^^^^^^^^^^^^^^^^^^^^^^^^^^^^^^^^^
  File "E:\LEARNING\DevSinc Internship\DJANGO\myproject\env\Lib\site-packages\django\template\loaders\cached.py", line 57, in get_template
    template = super().get_template(template_name, skip)
               ^^^^^^^^^^^^^^^^^^^^^^^^^^^^^^^^^^^^^^^^^
  File "E:\LEARNING\DevSinc Internship\DJANGO\myproject\env\Lib\site-packages\django\template\loaders\base.py", line 28, in get_template
    return Template(
           ^^^^^^^^^
  File "E:\LEARNING\DevSinc Internship\DJANGO\myproject\env\Lib\site-packages\django\template\base.py", line 154, in __init__
    self.nodelist = self.compile_nodelist()
                    ^^^^^^^^^^^^^^^^^^^^^^^
  File "E:\LEARNING\DevSinc Internship\DJANGO\myproject\env\Lib\site-packages\django\template\base.py", line 196, in compile_nodelist
    nodelist = parser.parse()
               ^^^^^^^^^^^^^^
  File "E:\LEARNING\DevSinc Internship\DJANGO\myproject\env\Lib\site-packages\django\template\base.py", line 518, in parse
    raise self.error(token, e)
  File "E:\LEARNING\DevSinc Internship\DJANGO\myproject\env\Lib\site-packages\django\template\base.py", line 516, in parse
    compiled_result = compile_func(self, token)
                      ^^^^^^^^^^^^^^^^^^^^^^^^^
  File "E:\LEARNING\DevSinc Internship\DJANGO\myproject\env\Lib\site-packages\django\template\loader_tags.py", line 234, in do_block
    nodelist = parser.parse(("endblock",))
               ^^^^^^^^^^^^^^^^^^^^^^^^^^^
  File "E:\LEARNING\DevSinc Internship\DJANGO\myproject\env\Lib\site-packages\django\template\base.py", line 512, in parse
    self.invalid_block_tag(token, command, parse_until)
  File "E:\LEARNING\DevSinc Internship\DJANGO\myproject\env\Lib\site-packages\django\template\base.py", line 563, in invalid_block_tag
    raise self.error(
django.template.exceptions.TemplateSyntaxError: Invalid block tag on line 43: 'blocktrans', expected 'endblock'. Did you forget to register or load this tag?
ERROR Internal Server Error: /
Traceback (most recent call last):
  File "E:\LEARNING\DevSinc Internship\DJANGO\myproject\env\Lib\site-packages\django\template\base.py", line 510, in parse
    compile_func = self.tags[command]
                   ~~~~~~~~~^^^^^^^^^
KeyError: 'blocktrans'

During handling of the above exception, another exception occurred:

Traceback (most recent call last):
  File "E:\LEARNING\DevSinc Internship\DJANGO\myproject\env\Lib\site-packages\django\core\handlers\exception.py", line 55, in inner
    response = get_response(request)
               ^^^^^^^^^^^^^^^^^^^^^
  File "E:\LEARNING\DevSinc Internship\DJANGO\myproject\env\Lib\site-packages\django\core\handlers\base.py", line 197, in _get_response
    response = wrapped_callback(request, *callback_args, **callback_kwargs)
               ^^^^^^^^^^^^^^^^^^^^^^^^^^^^^^^^^^^^^^^^^^^^^^^^^^^^^^^^^^^^
  File "E:\LEARNING\DevSinc Internship\DJANGO\myproject\crud\views.py", line 108, in home
    return render(request, "home.html")
           ^^^^^^^^^^^^^^^^^^^^^^^^^^^^
  File "E:\LEARNING\DevSinc Internship\DJANGO\myproject\env\Lib\site-packages\django\shortcuts.py", line 25, in render
    content = loader.render_to_string(template_name, context, request, using=using)
              ^^^^^^^^^^^^^^^^^^^^^^^^^^^^^^^^^^^^^^^^^^^^^^^^^^^^^^^^^^^^^^^^^^^^^
  File "E:\LEARNING\DevSinc Internship\DJANGO\myproject\env\Lib\site-packages\django\template\loader.py", line 62, in render_to_string
    return template.render(context, request)
           ^^^^^^^^^^^^^^^^^^^^^^^^^^^^^^^^^
  File "E:\LEARNING\DevSinc Internship\DJANGO\myproject\env\Lib\site-packages\django\template\backends\django.py", line 107, in render
    return self.template.render(context)
           ^^^^^^^^^^^^^^^^^^^^^^^^^^^^^
  File "E:\LEARNING\DevSinc Internship\DJANGO\myproject\env\Lib\site-packages\django\template\base.py", line 171, in render
    return self._render(context)
           ^^^^^^^^^^^^^^^^^^^^^
  File "E:\LEARNING\DevSinc Internship\DJANGO\myproject\env\Lib\site-packages\django\template\base.py", line 163, in _render
    return self.nodelist.render(context)
           ^^^^^^^^^^^^^^^^^^^^^^^^^^^^^
  File "E:\LEARNING\DevSinc Internship\DJANGO\myproject\env\Lib\site-packages\django\template\base.py", line 1008, in render
    return SafeString("".join([node.render_annotated(context) for node in self]))
                               ^^^^^^^^^^^^^^^^^^^^^^^^^^^^^^
  File "E:\LEARNING\DevSinc Internship\DJANGO\myproject\env\Lib\site-packages\django\template\base.py", line 969, in render_annotated
    return self.render(context)
           ^^^^^^^^^^^^^^^^^^^^
  File "E:\LEARNING\DevSinc Internship\DJANGO\myproject\env\Lib\site-packages\django\template\loader_tags.py", line 134, in render
    compiled_parent = self.get_parent(context)
                      ^^^^^^^^^^^^^^^^^^^^^^^^
  File "E:\LEARNING\DevSinc Internship\DJANGO\myproject\env\Lib\site-packages\django\template\loader_tags.py", line 131, in get_parent
    return self.find_template(parent, context)
           ^^^^^^^^^^^^^^^^^^^^^^^^^^^^^^^^^^^
  File "E:\LEARNING\DevSinc Internship\DJANGO\myproject\env\Lib\site-packages\django\template\loader_tags.py", line 109, in find_template
    template, origin = context.template.engine.find_template(
                       ^^^^^^^^^^^^^^^^^^^^^^^^^^^^^^^^^^^^^^
  File "E:\LEARNING\DevSinc Internship\DJANGO\myproject\env\Lib\site-packages\django\template\engine.py", line 159, in find_template
    template = loader.get_template(name, skip=skip)
               ^^^^^^^^^^^^^^^^^^^^^^^^^^^^^^^^^^^^
  File "E:\LEARNING\DevSinc Internship\DJANGO\myproject\env\Lib\site-packages\django\template\loaders\cached.py", line 57, in get_template
    template = super().get_template(template_name, skip)
               ^^^^^^^^^^^^^^^^^^^^^^^^^^^^^^^^^^^^^^^^^
  File "E:\LEARNING\DevSinc Internship\DJANGO\myproject\env\Lib\site-packages\django\template\loaders\base.py", line 28, in get_template
    return Template(
           ^^^^^^^^^
  File "E:\LEARNING\DevSinc Internship\DJANGO\myproject\env\Lib\site-packages\django\template\base.py", line 154, in __init__
    self.nodelist = self.compile_nodelist()
                    ^^^^^^^^^^^^^^^^^^^^^^^
  File "E:\LEARNING\DevSinc Internship\DJANGO\myproject\env\Lib\site-packages\django\template\base.py", line 196, in compile_nodelist
    nodelist = parser.parse()
               ^^^^^^^^^^^^^^
  File "E:\LEARNING\DevSinc Internship\DJANGO\myproject\env\Lib\site-packages\django\template\base.py", line 518, in parse
    raise self.error(token, e)
  File "E:\LEARNING\DevSinc Internship\DJANGO\myproject\env\Lib\site-packages\django\template\base.py", line 516, in parse
    compiled_result = compile_func(self, token)
                      ^^^^^^^^^^^^^^^^^^^^^^^^^
  File "E:\LEARNING\DevSinc Internship\DJANGO\myproject\env\Lib\site-packages\django\template\loader_tags.py", line 234, in do_block
    nodelist = parser.parse(("endblock",))
               ^^^^^^^^^^^^^^^^^^^^^^^^^^^
  File "E:\LEARNING\DevSinc Internship\DJANGO\myproject\env\Lib\site-packages\django\template\base.py", line 512, in parse
    self.invalid_block_tag(token, command, parse_until)
  File "E:\LEARNING\DevSinc Internship\DJANGO\myproject\env\Lib\site-packages\django\template\base.py", line 563, in invalid_block_tag
    raise self.error(
django.template.exceptions.TemplateSyntaxError: Invalid block tag on line 43: 'blocktrans', expected 'endblock'. Did you forget to register or load this tag?
ERROR "GET / HTTP/1.1" 500 174698
ERROR Internal Server Error: /
Traceback (most recent call last):
  File "E:\LEARNING\DevSinc Internship\DJANGO\myproject\env\Lib\site-packages\django\template\base.py", line 510, in parse
    compile_func = self.tags[command]
                   ~~~~~~~~~^^^^^^^^^
KeyError: 'blocktrans'

During handling of the above exception, another exception occurred:

Traceback (most recent call last):
  File "E:\LEARNING\DevSinc Internship\DJANGO\myproject\env\Lib\site-packages\django\core\handlers\exception.py", line 55, in inner
    response = get_response(request)
               ^^^^^^^^^^^^^^^^^^^^^
  File "E:\LEARNING\DevSinc Internship\DJANGO\myproject\env\Lib\site-packages\django\core\handlers\base.py", line 197, in _get_response
    response = wrapped_callback(request, *callback_args, **callback_kwargs)
               ^^^^^^^^^^^^^^^^^^^^^^^^^^^^^^^^^^^^^^^^^^^^^^^^^^^^^^^^^^^^
  File "E:\LEARNING\DevSinc Internship\DJANGO\myproject\crud\views.py", line 108, in home
    return render(request, "home.html")
           ^^^^^^^^^^^^^^^^^^^^^^^^^^^^
  File "E:\LEARNING\DevSinc Internship\DJANGO\myproject\env\Lib\site-packages\django\shortcuts.py", line 25, in render
    content = loader.render_to_string(template_name, context, request, using=using)
              ^^^^^^^^^^^^^^^^^^^^^^^^^^^^^^^^^^^^^^^^^^^^^^^^^^^^^^^^^^^^^^^^^^^^^
  File "E:\LEARNING\DevSinc Internship\DJANGO\myproject\env\Lib\site-packages\django\template\loader.py", line 62, in render_to_string
    return template.render(context, request)
           ^^^^^^^^^^^^^^^^^^^^^^^^^^^^^^^^^
  File "E:\LEARNING\DevSinc Internship\DJANGO\myproject\env\Lib\site-packages\django\template\backends\django.py", line 107, in render
    return self.template.render(context)
           ^^^^^^^^^^^^^^^^^^^^^^^^^^^^^
  File "E:\LEARNING\DevSinc Internship\DJANGO\myproject\env\Lib\site-packages\django\template\base.py", line 171, in render
    return self._render(context)
           ^^^^^^^^^^^^^^^^^^^^^
  File "E:\LEARNING\DevSinc Internship\DJANGO\myproject\env\Lib\site-packages\django\template\base.py", line 163, in _render
    return self.nodelist.render(context)
           ^^^^^^^^^^^^^^^^^^^^^^^^^^^^^
  File "E:\LEARNING\DevSinc Internship\DJANGO\myproject\env\Lib\site-packages\django\template\base.py", line 1008, in render
    return SafeString("".join([node.render_annotated(context) for node in self]))
                               ^^^^^^^^^^^^^^^^^^^^^^^^^^^^^^
  File "E:\LEARNING\DevSinc Internship\DJANGO\myproject\env\Lib\site-packages\django\template\base.py", line 969, in render_annotated
    return self.render(context)
           ^^^^^^^^^^^^^^^^^^^^
  File "E:\LEARNING\DevSinc Internship\DJANGO\myproject\env\Lib\site-packages\django\template\loader_tags.py", line 134, in render
    compiled_parent = self.get_parent(context)
                      ^^^^^^^^^^^^^^^^^^^^^^^^
  File "E:\LEARNING\DevSinc Internship\DJANGO\myproject\env\Lib\site-packages\django\template\loader_tags.py", line 131, in get_parent
    return self.find_template(parent, context)
           ^^^^^^^^^^^^^^^^^^^^^^^^^^^^^^^^^^^
  File "E:\LEARNING\DevSinc Internship\DJANGO\myproject\env\Lib\site-packages\django\template\loader_tags.py", line 109, in find_template
    template, origin = context.template.engine.find_template(
                       ^^^^^^^^^^^^^^^^^^^^^^^^^^^^^^^^^^^^^^
  File "E:\LEARNING\DevSinc Internship\DJANGO\myproject\env\Lib\site-packages\django\template\engine.py", line 159, in find_template
    template = loader.get_template(name, skip=skip)
               ^^^^^^^^^^^^^^^^^^^^^^^^^^^^^^^^^^^^
  File "E:\LEARNING\DevSinc Internship\DJANGO\myproject\env\Lib\site-packages\django\template\loaders\cached.py", line 57, in get_template
    template = super().get_template(template_name, skip)
               ^^^^^^^^^^^^^^^^^^^^^^^^^^^^^^^^^^^^^^^^^
  File "E:\LEARNING\DevSinc Internship\DJANGO\myproject\env\Lib\site-packages\django\template\loaders\base.py", line 28, in get_template
    return Template(
           ^^^^^^^^^
  File "E:\LEARNING\DevSinc Internship\DJANGO\myproject\env\Lib\site-packages\django\template\base.py", line 154, in __init__
    self.nodelist = self.compile_nodelist()
                    ^^^^^^^^^^^^^^^^^^^^^^^
  File "E:\LEARNING\DevSinc Internship\DJANGO\myproject\env\Lib\site-packages\django\template\base.py", line 196, in compile_nodelist
    nodelist = parser.parse()
               ^^^^^^^^^^^^^^
  File "E:\LEARNING\DevSinc Internship\DJANGO\myproject\env\Lib\site-packages\django\template\base.py", line 518, in parse
    raise self.error(token, e)
  File "E:\LEARNING\DevSinc Internship\DJANGO\myproject\env\Lib\site-packages\django\template\base.py", line 516, in parse
    compiled_result = compile_func(self, token)
                      ^^^^^^^^^^^^^^^^^^^^^^^^^
  File "E:\LEARNING\DevSinc Internship\DJANGO\myproject\env\Lib\site-packages\django\template\loader_tags.py", line 234, in do_block
    nodelist = parser.parse(("endblock",))
               ^^^^^^^^^^^^^^^^^^^^^^^^^^^
  File "E:\LEARNING\DevSinc Internship\DJANGO\myproject\env\Lib\site-packages\django\template\base.py", line 512, in parse
    self.invalid_block_tag(token, command, parse_until)
  File "E:\LEARNING\DevSinc Internship\DJANGO\myproject\env\Lib\site-packages\django\template\base.py", line 563, in invalid_block_tag
    raise self.error(
django.template.exceptions.TemplateSyntaxError: Invalid block tag on line 43: 'blocktrans', expected 'endblock'. Did you forget to register or load this tag?
ERROR Internal Server Error: /
Traceback (most recent call last):
  File "E:\LEARNING\DevSinc Internship\DJANGO\myproject\env\Lib\site-packages\django\template\base.py", line 510, in parse
    compile_func = self.tags[command]
                   ~~~~~~~~~^^^^^^^^^
KeyError: 'blocktrans'

During handling of the above exception, another exception occurred:

Traceback (most recent call last):
  File "E:\LEARNING\DevSinc Internship\DJANGO\myproject\env\Lib\site-packages\django\core\handlers\exception.py", line 55, in inner
    response = get_response(request)
               ^^^^^^^^^^^^^^^^^^^^^
  File "E:\LEARNING\DevSinc Internship\DJANGO\myproject\env\Lib\site-packages\django\core\handlers\base.py", line 197, in _get_response
    response = wrapped_callback(request, *callback_args, **callback_kwargs)
               ^^^^^^^^^^^^^^^^^^^^^^^^^^^^^^^^^^^^^^^^^^^^^^^^^^^^^^^^^^^^
  File "E:\LEARNING\DevSinc Internship\DJANGO\myproject\crud\views.py", line 108, in home
    return render(request, "home.html")
           ^^^^^^^^^^^^^^^^^^^^^^^^^^^^
  File "E:\LEARNING\DevSinc Internship\DJANGO\myproject\env\Lib\site-packages\django\shortcuts.py", line 25, in render
    content = loader.render_to_string(template_name, context, request, using=using)
              ^^^^^^^^^^^^^^^^^^^^^^^^^^^^^^^^^^^^^^^^^^^^^^^^^^^^^^^^^^^^^^^^^^^^^
  File "E:\LEARNING\DevSinc Internship\DJANGO\myproject\env\Lib\site-packages\django\template\loader.py", line 62, in render_to_string
    return template.render(context, request)
           ^^^^^^^^^^^^^^^^^^^^^^^^^^^^^^^^^
  File "E:\LEARNING\DevSinc Internship\DJANGO\myproject\env\Lib\site-packages\django\template\backends\django.py", line 107, in render
    return self.template.render(context)
           ^^^^^^^^^^^^^^^^^^^^^^^^^^^^^
  File "E:\LEARNING\DevSinc Internship\DJANGO\myproject\env\Lib\site-packages\django\template\base.py", line 171, in render
    return self._render(context)
           ^^^^^^^^^^^^^^^^^^^^^
  File "E:\LEARNING\DevSinc Internship\DJANGO\myproject\env\Lib\site-packages\django\template\base.py", line 163, in _render
    return self.nodelist.render(context)
           ^^^^^^^^^^^^^^^^^^^^^^^^^^^^^
  File "E:\LEARNING\DevSinc Internship\DJANGO\myproject\env\Lib\site-packages\django\template\base.py", line 1008, in render
    return SafeString("".join([node.render_annotated(context) for node in self]))
                               ^^^^^^^^^^^^^^^^^^^^^^^^^^^^^^
  File "E:\LEARNING\DevSinc Internship\DJANGO\myproject\env\Lib\site-packages\django\template\base.py", line 969, in render_annotated
    return self.render(context)
           ^^^^^^^^^^^^^^^^^^^^
  File "E:\LEARNING\DevSinc Internship\DJANGO\myproject\env\Lib\site-packages\django\template\loader_tags.py", line 134, in render
    compiled_parent = self.get_parent(context)
                      ^^^^^^^^^^^^^^^^^^^^^^^^
  File "E:\LEARNING\DevSinc Internship\DJANGO\myproject\env\Lib\site-packages\django\template\loader_tags.py", line 131, in get_parent
    return self.find_template(parent, context)
           ^^^^^^^^^^^^^^^^^^^^^^^^^^^^^^^^^^^
  File "E:\LEARNING\DevSinc Internship\DJANGO\myproject\env\Lib\site-packages\django\template\loader_tags.py", line 109, in find_template
    template, origin = context.template.engine.find_template(
                       ^^^^^^^^^^^^^^^^^^^^^^^^^^^^^^^^^^^^^^
  File "E:\LEARNING\DevSinc Internship\DJANGO\myproject\env\Lib\site-packages\django\template\engine.py", line 159, in find_template
    template = loader.get_template(name, skip=skip)
               ^^^^^^^^^^^^^^^^^^^^^^^^^^^^^^^^^^^^
  File "E:\LEARNING\DevSinc Internship\DJANGO\myproject\env\Lib\site-packages\django\template\loaders\cached.py", line 57, in get_template
    template = super().get_template(template_name, skip)
               ^^^^^^^^^^^^^^^^^^^^^^^^^^^^^^^^^^^^^^^^^
  File "E:\LEARNING\DevSinc Internship\DJANGO\myproject\env\Lib\site-packages\django\template\loaders\base.py", line 28, in get_template
    return Template(
           ^^^^^^^^^
  File "E:\LEARNING\DevSinc Internship\DJANGO\myproject\env\Lib\site-packages\django\template\base.py", line 154, in __init__
    self.nodelist = self.compile_nodelist()
                    ^^^^^^^^^^^^^^^^^^^^^^^
  File "E:\LEARNING\DevSinc Internship\DJANGO\myproject\env\Lib\site-packages\django\template\base.py", line 196, in compile_nodelist
    nodelist = parser.parse()
               ^^^^^^^^^^^^^^
  File "E:\LEARNING\DevSinc Internship\DJANGO\myproject\env\Lib\site-packages\django\template\base.py", line 518, in parse
    raise self.error(token, e)
  File "E:\LEARNING\DevSinc Internship\DJANGO\myproject\env\Lib\site-packages\django\template\base.py", line 516, in parse
    compiled_result = compile_func(self, token)
                      ^^^^^^^^^^^^^^^^^^^^^^^^^
  File "E:\LEARNING\DevSinc Internship\DJANGO\myproject\env\Lib\site-packages\django\template\loader_tags.py", line 234, in do_block
    nodelist = parser.parse(("endblock",))
               ^^^^^^^^^^^^^^^^^^^^^^^^^^^
  File "E:\LEARNING\DevSinc Internship\DJANGO\myproject\env\Lib\site-packages\django\template\base.py", line 512, in parse
    self.invalid_block_tag(token, command, parse_until)
  File "E:\LEARNING\DevSinc Internship\DJANGO\myproject\env\Lib\site-packages\django\template\base.py", line 563, in invalid_block_tag
    raise self.error(
django.template.exceptions.TemplateSyntaxError: Invalid block tag on line 43: 'blocktrans', expected 'endblock'. Did you forget to register or load this tag?
ERROR "GET / HTTP/1.1" 500 174746
ERROR Internal Server Error: /
Traceback (most recent call last):
  File "E:\LEARNING\DevSinc Internship\DJANGO\myproject\env\Lib\site-packages\django\core\handlers\exception.py", line 55, in inner
    response = get_response(request)
               ^^^^^^^^^^^^^^^^^^^^^
  File "E:\LEARNING\DevSinc Internship\DJANGO\myproject\env\Lib\site-packages\django\core\handlers\base.py", line 197, in _get_response
    response = wrapped_callback(request, *callback_args, **callback_kwargs)
               ^^^^^^^^^^^^^^^^^^^^^^^^^^^^^^^^^^^^^^^^^^^^^^^^^^^^^^^^^^^^
  File "E:\LEARNING\DevSinc Internship\DJANGO\myproject\crud\views.py", line 108, in home
    return render(request, "home.html")
           ^^^^^^^^^^^^^^^^^^^^^^^^^^^^
  File "E:\LEARNING\DevSinc Internship\DJANGO\myproject\env\Lib\site-packages\django\shortcuts.py", line 25, in render
    content = loader.render_to_string(template_name, context, request, using=using)
              ^^^^^^^^^^^^^^^^^^^^^^^^^^^^^^^^^^^^^^^^^^^^^^^^^^^^^^^^^^^^^^^^^^^^^
  File "E:\LEARNING\DevSinc Internship\DJANGO\myproject\env\Lib\site-packages\django\template\loader.py", line 62, in render_to_string
    return template.render(context, request)
           ^^^^^^^^^^^^^^^^^^^^^^^^^^^^^^^^^
  File "E:\LEARNING\DevSinc Internship\DJANGO\myproject\env\Lib\site-packages\django\template\backends\django.py", line 107, in render
    return self.template.render(context)
           ^^^^^^^^^^^^^^^^^^^^^^^^^^^^^
  File "E:\LEARNING\DevSinc Internship\DJANGO\myproject\env\Lib\site-packages\django\template\base.py", line 171, in render
    return self._render(context)
           ^^^^^^^^^^^^^^^^^^^^^
  File "E:\LEARNING\DevSinc Internship\DJANGO\myproject\env\Lib\site-packages\django\template\base.py", line 163, in _render
    return self.nodelist.render(context)
           ^^^^^^^^^^^^^^^^^^^^^^^^^^^^^
  File "E:\LEARNING\DevSinc Internship\DJANGO\myproject\env\Lib\site-packages\django\template\base.py", line 1008, in render
    return SafeString("".join([node.render_annotated(context) for node in self]))
                               ^^^^^^^^^^^^^^^^^^^^^^^^^^^^^^
  File "E:\LEARNING\DevSinc Internship\DJANGO\myproject\env\Lib\site-packages\django\template\base.py", line 969, in render_annotated
    return self.render(context)
           ^^^^^^^^^^^^^^^^^^^^
  File "E:\LEARNING\DevSinc Internship\DJANGO\myproject\env\Lib\site-packages\django\template\loader_tags.py", line 134, in render
    compiled_parent = self.get_parent(context)
                      ^^^^^^^^^^^^^^^^^^^^^^^^
  File "E:\LEARNING\DevSinc Internship\DJANGO\myproject\env\Lib\site-packages\django\template\loader_tags.py", line 131, in get_parent
    return self.find_template(parent, context)
           ^^^^^^^^^^^^^^^^^^^^^^^^^^^^^^^^^^^
  File "E:\LEARNING\DevSinc Internship\DJANGO\myproject\env\Lib\site-packages\django\template\loader_tags.py", line 109, in find_template
    template, origin = context.template.engine.find_template(
                       ^^^^^^^^^^^^^^^^^^^^^^^^^^^^^^^^^^^^^^
  File "E:\LEARNING\DevSinc Internship\DJANGO\myproject\env\Lib\site-packages\django\template\engine.py", line 159, in find_template
    template = loader.get_template(name, skip=skip)
               ^^^^^^^^^^^^^^^^^^^^^^^^^^^^^^^^^^^^
  File "E:\LEARNING\DevSinc Internship\DJANGO\myproject\env\Lib\site-packages\django\template\loaders\cached.py", line 57, in get_template
    template = super().get_template(template_name, skip)
               ^^^^^^^^^^^^^^^^^^^^^^^^^^^^^^^^^^^^^^^^^
  File "E:\LEARNING\DevSinc Internship\DJANGO\myproject\env\Lib\site-packages\django\template\loaders\base.py", line 28, in get_template
    return Template(
           ^^^^^^^^^
  File "E:\LEARNING\DevSinc Internship\DJANGO\myproject\env\Lib\site-packages\django\template\base.py", line 154, in __init__
    self.nodelist = self.compile_nodelist()
                    ^^^^^^^^^^^^^^^^^^^^^^^
  File "E:\LEARNING\DevSinc Internship\DJANGO\myproject\env\Lib\site-packages\django\template\base.py", line 196, in compile_nodelist
    nodelist = parser.parse()
               ^^^^^^^^^^^^^^
  File "E:\LEARNING\DevSinc Internship\DJANGO\myproject\env\Lib\site-packages\django\template\base.py", line 518, in parse
    raise self.error(token, e)
  File "E:\LEARNING\DevSinc Internship\DJANGO\myproject\env\Lib\site-packages\django\template\base.py", line 516, in parse
    compiled_result = compile_func(self, token)
                      ^^^^^^^^^^^^^^^^^^^^^^^^^
  File "E:\LEARNING\DevSinc Internship\DJANGO\myproject\env\Lib\site-packages\django\templatetags\i18n.py", line 581, in do_block_translate
    raise TemplateSyntaxError(
django.template.exceptions.TemplateSyntaxError: 'blocktrans' doesn't allow other block tags (seen 'include "navbar.html"') inside it
ERROR Internal Server Error: /
Traceback (most recent call last):
  File "E:\LEARNING\DevSinc Internship\DJANGO\myproject\env\Lib\site-packages\django\core\handlers\exception.py", line 55, in inner
    response = get_response(request)
               ^^^^^^^^^^^^^^^^^^^^^
  File "E:\LEARNING\DevSinc Internship\DJANGO\myproject\env\Lib\site-packages\django\core\handlers\base.py", line 197, in _get_response
    response = wrapped_callback(request, *callback_args, **callback_kwargs)
               ^^^^^^^^^^^^^^^^^^^^^^^^^^^^^^^^^^^^^^^^^^^^^^^^^^^^^^^^^^^^
  File "E:\LEARNING\DevSinc Internship\DJANGO\myproject\crud\views.py", line 108, in home
    return render(request, "home.html")
           ^^^^^^^^^^^^^^^^^^^^^^^^^^^^
  File "E:\LEARNING\DevSinc Internship\DJANGO\myproject\env\Lib\site-packages\django\shortcuts.py", line 25, in render
    content = loader.render_to_string(template_name, context, request, using=using)
              ^^^^^^^^^^^^^^^^^^^^^^^^^^^^^^^^^^^^^^^^^^^^^^^^^^^^^^^^^^^^^^^^^^^^^
  File "E:\LEARNING\DevSinc Internship\DJANGO\myproject\env\Lib\site-packages\django\template\loader.py", line 62, in render_to_string
    return template.render(context, request)
           ^^^^^^^^^^^^^^^^^^^^^^^^^^^^^^^^^
  File "E:\LEARNING\DevSinc Internship\DJANGO\myproject\env\Lib\site-packages\django\template\backends\django.py", line 107, in render
    return self.template.render(context)
           ^^^^^^^^^^^^^^^^^^^^^^^^^^^^^
  File "E:\LEARNING\DevSinc Internship\DJANGO\myproject\env\Lib\site-packages\django\template\base.py", line 171, in render
    return self._render(context)
           ^^^^^^^^^^^^^^^^^^^^^
  File "E:\LEARNING\DevSinc Internship\DJANGO\myproject\env\Lib\site-packages\django\template\base.py", line 163, in _render
    return self.nodelist.render(context)
           ^^^^^^^^^^^^^^^^^^^^^^^^^^^^^
  File "E:\LEARNING\DevSinc Internship\DJANGO\myproject\env\Lib\site-packages\django\template\base.py", line 1008, in render
    return SafeString("".join([node.render_annotated(context) for node in self]))
                               ^^^^^^^^^^^^^^^^^^^^^^^^^^^^^^
  File "E:\LEARNING\DevSinc Internship\DJANGO\myproject\env\Lib\site-packages\django\template\base.py", line 969, in render_annotated
    return self.render(context)
           ^^^^^^^^^^^^^^^^^^^^
  File "E:\LEARNING\DevSinc Internship\DJANGO\myproject\env\Lib\site-packages\django\template\loader_tags.py", line 134, in render
    compiled_parent = self.get_parent(context)
                      ^^^^^^^^^^^^^^^^^^^^^^^^
  File "E:\LEARNING\DevSinc Internship\DJANGO\myproject\env\Lib\site-packages\django\template\loader_tags.py", line 131, in get_parent
    return self.find_template(parent, context)
           ^^^^^^^^^^^^^^^^^^^^^^^^^^^^^^^^^^^
  File "E:\LEARNING\DevSinc Internship\DJANGO\myproject\env\Lib\site-packages\django\template\loader_tags.py", line 109, in find_template
    template, origin = context.template.engine.find_template(
                       ^^^^^^^^^^^^^^^^^^^^^^^^^^^^^^^^^^^^^^
  File "E:\LEARNING\DevSinc Internship\DJANGO\myproject\env\Lib\site-packages\django\template\engine.py", line 159, in find_template
    template = loader.get_template(name, skip=skip)
               ^^^^^^^^^^^^^^^^^^^^^^^^^^^^^^^^^^^^
  File "E:\LEARNING\DevSinc Internship\DJANGO\myproject\env\Lib\site-packages\django\template\loaders\cached.py", line 57, in get_template
    template = super().get_template(template_name, skip)
               ^^^^^^^^^^^^^^^^^^^^^^^^^^^^^^^^^^^^^^^^^
  File "E:\LEARNING\DevSinc Internship\DJANGO\myproject\env\Lib\site-packages\django\template\loaders\base.py", line 28, in get_template
    return Template(
           ^^^^^^^^^
  File "E:\LEARNING\DevSinc Internship\DJANGO\myproject\env\Lib\site-packages\django\template\base.py", line 154, in __init__
    self.nodelist = self.compile_nodelist()
                    ^^^^^^^^^^^^^^^^^^^^^^^
  File "E:\LEARNING\DevSinc Internship\DJANGO\myproject\env\Lib\site-packages\django\template\base.py", line 196, in compile_nodelist
    nodelist = parser.parse()
               ^^^^^^^^^^^^^^
  File "E:\LEARNING\DevSinc Internship\DJANGO\myproject\env\Lib\site-packages\django\template\base.py", line 518, in parse
    raise self.error(token, e)
  File "E:\LEARNING\DevSinc Internship\DJANGO\myproject\env\Lib\site-packages\django\template\base.py", line 516, in parse
    compiled_result = compile_func(self, token)
                      ^^^^^^^^^^^^^^^^^^^^^^^^^
  File "E:\LEARNING\DevSinc Internship\DJANGO\myproject\env\Lib\site-packages\django\templatetags\i18n.py", line 581, in do_block_translate
    raise TemplateSyntaxError(
django.template.exceptions.TemplateSyntaxError: 'blocktrans' doesn't allow other block tags (seen 'include "navbar.html"') inside it
ERROR "GET / HTTP/1.1" 500 167022
ERROR Internal Server Error: /
Traceback (most recent call last):
  File "E:\LEARNING\DevSinc Internship\DJANGO\myproject\env\Lib\site-packages\django\template\base.py", line 510, in parse
    compile_func = self.tags[command]
                   ~~~~~~~~~^^^^^^^^^
KeyError: 'trans'

During handling of the above exception, another exception occurred:

Traceback (most recent call last):
  File "E:\LEARNING\DevSinc Internship\DJANGO\myproject\env\Lib\site-packages\django\core\handlers\exception.py", line 55, in inner
    response = get_response(request)
               ^^^^^^^^^^^^^^^^^^^^^
  File "E:\LEARNING\DevSinc Internship\DJANGO\myproject\env\Lib\site-packages\django\core\handlers\base.py", line 197, in _get_response
    response = wrapped_callback(request, *callback_args, **callback_kwargs)
               ^^^^^^^^^^^^^^^^^^^^^^^^^^^^^^^^^^^^^^^^^^^^^^^^^^^^^^^^^^^^
  File "E:\LEARNING\DevSinc Internship\DJANGO\myproject\crud\views.py", line 108, in home
    return render(request, "home.html")
           ^^^^^^^^^^^^^^^^^^^^^^^^^^^^
  File "E:\LEARNING\DevSinc Internship\DJANGO\myproject\env\Lib\site-packages\django\shortcuts.py", line 25, in render
    content = loader.render_to_string(template_name, context, request, using=using)
              ^^^^^^^^^^^^^^^^^^^^^^^^^^^^^^^^^^^^^^^^^^^^^^^^^^^^^^^^^^^^^^^^^^^^^
  File "E:\LEARNING\DevSinc Internship\DJANGO\myproject\env\Lib\site-packages\django\template\loader.py", line 62, in render_to_string
    return template.render(context, request)
           ^^^^^^^^^^^^^^^^^^^^^^^^^^^^^^^^^
  File "E:\LEARNING\DevSinc Internship\DJANGO\myproject\env\Lib\site-packages\django\template\backends\django.py", line 107, in render
    return self.template.render(context)
           ^^^^^^^^^^^^^^^^^^^^^^^^^^^^^
  File "E:\LEARNING\DevSinc Internship\DJANGO\myproject\env\Lib\site-packages\django\template\base.py", line 171, in render
    return self._render(context)
           ^^^^^^^^^^^^^^^^^^^^^
  File "E:\LEARNING\DevSinc Internship\DJANGO\myproject\env\Lib\site-packages\django\template\base.py", line 163, in _render
    return self.nodelist.render(context)
           ^^^^^^^^^^^^^^^^^^^^^^^^^^^^^
  File "E:\LEARNING\DevSinc Internship\DJANGO\myproject\env\Lib\site-packages\django\template\base.py", line 1008, in render
    return SafeString("".join([node.render_annotated(context) for node in self]))
                               ^^^^^^^^^^^^^^^^^^^^^^^^^^^^^^
  File "E:\LEARNING\DevSinc Internship\DJANGO\myproject\env\Lib\site-packages\django\template\base.py", line 969, in render_annotated
    return self.render(context)
           ^^^^^^^^^^^^^^^^^^^^
  File "E:\LEARNING\DevSinc Internship\DJANGO\myproject\env\Lib\site-packages\django\template\loader_tags.py", line 159, in render
    return compiled_parent._render(context)
           ^^^^^^^^^^^^^^^^^^^^^^^^^^^^^^^^
  File "E:\LEARNING\DevSinc Internship\DJANGO\myproject\env\Lib\site-packages\django\template\base.py", line 163, in _render
    return self.nodelist.render(context)
           ^^^^^^^^^^^^^^^^^^^^^^^^^^^^^
  File "E:\LEARNING\DevSinc Internship\DJANGO\myproject\env\Lib\site-packages\django\template\base.py", line 1008, in render
    return SafeString("".join([node.render_annotated(context) for node in self]))
                               ^^^^^^^^^^^^^^^^^^^^^^^^^^^^^^
  File "E:\LEARNING\DevSinc Internship\DJANGO\myproject\env\Lib\site-packages\django\template\base.py", line 969, in render_annotated
    return self.render(context)
           ^^^^^^^^^^^^^^^^^^^^
  File "E:\LEARNING\DevSinc Internship\DJANGO\myproject\env\Lib\site-packages\django\template\loader_tags.py", line 65, in render
    result = block.nodelist.render(context)
             ^^^^^^^^^^^^^^^^^^^^^^^^^^^^^^
  File "E:\LEARNING\DevSinc Internship\DJANGO\myproject\env\Lib\site-packages\django\template\base.py", line 1008, in render
    return SafeString("".join([node.render_annotated(context) for node in self]))
                               ^^^^^^^^^^^^^^^^^^^^^^^^^^^^^^
  File "E:\LEARNING\DevSinc Internship\DJANGO\myproject\env\Lib\site-packages\django\template\base.py", line 969, in render_annotated
    return self.render(context)
           ^^^^^^^^^^^^^^^^^^^^
  File "E:\LEARNING\DevSinc Internship\DJANGO\myproject\env\Lib\site-packages\django\template\loader_tags.py", line 199, in render
    template = context.template.engine.select_template(template_name)
               ^^^^^^^^^^^^^^^^^^^^^^^^^^^^^^^^^^^^^^^^^^^^^^^^^^^^^^
  File "E:\LEARNING\DevSinc Internship\DJANGO\myproject\env\Lib\site-packages\django\template\engine.py", line 208, in select_template
    return self.get_template(template_name)
           ^^^^^^^^^^^^^^^^^^^^^^^^^^^^^^^^
  File "E:\LEARNING\DevSinc Internship\DJANGO\myproject\env\Lib\site-packages\django\template\engine.py", line 177, in get_template
    template, origin = self.find_template(template_name)
                       ^^^^^^^^^^^^^^^^^^^^^^^^^^^^^^^^^
  File "E:\LEARNING\DevSinc Internship\DJANGO\myproject\env\Lib\site-packages\django\template\engine.py", line 159, in find_template
    template = loader.get_template(name, skip=skip)
               ^^^^^^^^^^^^^^^^^^^^^^^^^^^^^^^^^^^^
  File "E:\LEARNING\DevSinc Internship\DJANGO\myproject\env\Lib\site-packages\django\template\loaders\cached.py", line 57, in get_template
    template = super().get_template(template_name, skip)
               ^^^^^^^^^^^^^^^^^^^^^^^^^^^^^^^^^^^^^^^^^
  File "E:\LEARNING\DevSinc Internship\DJANGO\myproject\env\Lib\site-packages\django\template\loaders\base.py", line 28, in get_template
    return Template(
           ^^^^^^^^^
  File "E:\LEARNING\DevSinc Internship\DJANGO\myproject\env\Lib\site-packages\django\template\base.py", line 154, in __init__
    self.nodelist = self.compile_nodelist()
                    ^^^^^^^^^^^^^^^^^^^^^^^
  File "E:\LEARNING\DevSinc Internship\DJANGO\myproject\env\Lib\site-packages\django\template\base.py", line 196, in compile_nodelist
    nodelist = parser.parse()
               ^^^^^^^^^^^^^^
  File "E:\LEARNING\DevSinc Internship\DJANGO\myproject\env\Lib\site-packages\django\template\base.py", line 512, in parse
    self.invalid_block_tag(token, command, parse_until)
  File "E:\LEARNING\DevSinc Internship\DJANGO\myproject\env\Lib\site-packages\django\template\base.py", line 573, in invalid_block_tag
    raise self.error(
django.template.exceptions.TemplateSyntaxError: Invalid block tag on line 11: 'trans'. Did you forget to register or load this tag?
ERROR Internal Server Error: /
Traceback (most recent call last):
  File "E:\LEARNING\DevSinc Internship\DJANGO\myproject\env\Lib\site-packages\django\template\base.py", line 510, in parse
    compile_func = self.tags[command]
                   ~~~~~~~~~^^^^^^^^^
KeyError: 'trans'

During handling of the above exception, another exception occurred:

Traceback (most recent call last):
  File "E:\LEARNING\DevSinc Internship\DJANGO\myproject\env\Lib\site-packages\django\core\handlers\exception.py", line 55, in inner
    response = get_response(request)
               ^^^^^^^^^^^^^^^^^^^^^
  File "E:\LEARNING\DevSinc Internship\DJANGO\myproject\env\Lib\site-packages\django\core\handlers\base.py", line 197, in _get_response
    response = wrapped_callback(request, *callback_args, **callback_kwargs)
               ^^^^^^^^^^^^^^^^^^^^^^^^^^^^^^^^^^^^^^^^^^^^^^^^^^^^^^^^^^^^
  File "E:\LEARNING\DevSinc Internship\DJANGO\myproject\crud\views.py", line 108, in home
    return render(request, "home.html")
           ^^^^^^^^^^^^^^^^^^^^^^^^^^^^
  File "E:\LEARNING\DevSinc Internship\DJANGO\myproject\env\Lib\site-packages\django\shortcuts.py", line 25, in render
    content = loader.render_to_string(template_name, context, request, using=using)
              ^^^^^^^^^^^^^^^^^^^^^^^^^^^^^^^^^^^^^^^^^^^^^^^^^^^^^^^^^^^^^^^^^^^^^
  File "E:\LEARNING\DevSinc Internship\DJANGO\myproject\env\Lib\site-packages\django\template\loader.py", line 62, in render_to_string
    return template.render(context, request)
           ^^^^^^^^^^^^^^^^^^^^^^^^^^^^^^^^^
  File "E:\LEARNING\DevSinc Internship\DJANGO\myproject\env\Lib\site-packages\django\template\backends\django.py", line 107, in render
    return self.template.render(context)
           ^^^^^^^^^^^^^^^^^^^^^^^^^^^^^
  File "E:\LEARNING\DevSinc Internship\DJANGO\myproject\env\Lib\site-packages\django\template\base.py", line 171, in render
    return self._render(context)
           ^^^^^^^^^^^^^^^^^^^^^
  File "E:\LEARNING\DevSinc Internship\DJANGO\myproject\env\Lib\site-packages\django\template\base.py", line 163, in _render
    return self.nodelist.render(context)
           ^^^^^^^^^^^^^^^^^^^^^^^^^^^^^
  File "E:\LEARNING\DevSinc Internship\DJANGO\myproject\env\Lib\site-packages\django\template\base.py", line 1008, in render
    return SafeString("".join([node.render_annotated(context) for node in self]))
                               ^^^^^^^^^^^^^^^^^^^^^^^^^^^^^^
  File "E:\LEARNING\DevSinc Internship\DJANGO\myproject\env\Lib\site-packages\django\template\base.py", line 969, in render_annotated
    return self.render(context)
           ^^^^^^^^^^^^^^^^^^^^
  File "E:\LEARNING\DevSinc Internship\DJANGO\myproject\env\Lib\site-packages\django\template\loader_tags.py", line 159, in render
    return compiled_parent._render(context)
           ^^^^^^^^^^^^^^^^^^^^^^^^^^^^^^^^
  File "E:\LEARNING\DevSinc Internship\DJANGO\myproject\env\Lib\site-packages\django\template\base.py", line 163, in _render
    return self.nodelist.render(context)
           ^^^^^^^^^^^^^^^^^^^^^^^^^^^^^
  File "E:\LEARNING\DevSinc Internship\DJANGO\myproject\env\Lib\site-packages\django\template\base.py", line 1008, in render
    return SafeString("".join([node.render_annotated(context) for node in self]))
                               ^^^^^^^^^^^^^^^^^^^^^^^^^^^^^^
  File "E:\LEARNING\DevSinc Internship\DJANGO\myproject\env\Lib\site-packages\django\template\base.py", line 969, in render_annotated
    return self.render(context)
           ^^^^^^^^^^^^^^^^^^^^
  File "E:\LEARNING\DevSinc Internship\DJANGO\myproject\env\Lib\site-packages\django\template\loader_tags.py", line 65, in render
    result = block.nodelist.render(context)
             ^^^^^^^^^^^^^^^^^^^^^^^^^^^^^^
  File "E:\LEARNING\DevSinc Internship\DJANGO\myproject\env\Lib\site-packages\django\template\base.py", line 1008, in render
    return SafeString("".join([node.render_annotated(context) for node in self]))
                               ^^^^^^^^^^^^^^^^^^^^^^^^^^^^^^
  File "E:\LEARNING\DevSinc Internship\DJANGO\myproject\env\Lib\site-packages\django\template\base.py", line 969, in render_annotated
    return self.render(context)
           ^^^^^^^^^^^^^^^^^^^^
  File "E:\LEARNING\DevSinc Internship\DJANGO\myproject\env\Lib\site-packages\django\template\loader_tags.py", line 199, in render
    template = context.template.engine.select_template(template_name)
               ^^^^^^^^^^^^^^^^^^^^^^^^^^^^^^^^^^^^^^^^^^^^^^^^^^^^^^
  File "E:\LEARNING\DevSinc Internship\DJANGO\myproject\env\Lib\site-packages\django\template\engine.py", line 208, in select_template
    return self.get_template(template_name)
           ^^^^^^^^^^^^^^^^^^^^^^^^^^^^^^^^
  File "E:\LEARNING\DevSinc Internship\DJANGO\myproject\env\Lib\site-packages\django\template\engine.py", line 177, in get_template
    template, origin = self.find_template(template_name)
                       ^^^^^^^^^^^^^^^^^^^^^^^^^^^^^^^^^
  File "E:\LEARNING\DevSinc Internship\DJANGO\myproject\env\Lib\site-packages\django\template\engine.py", line 159, in find_template
    template = loader.get_template(name, skip=skip)
               ^^^^^^^^^^^^^^^^^^^^^^^^^^^^^^^^^^^^
  File "E:\LEARNING\DevSinc Internship\DJANGO\myproject\env\Lib\site-packages\django\template\loaders\cached.py", line 57, in get_template
    template = super().get_template(template_name, skip)
               ^^^^^^^^^^^^^^^^^^^^^^^^^^^^^^^^^^^^^^^^^
  File "E:\LEARNING\DevSinc Internship\DJANGO\myproject\env\Lib\site-packages\django\template\loaders\base.py", line 28, in get_template
    return Template(
           ^^^^^^^^^
  File "E:\LEARNING\DevSinc Internship\DJANGO\myproject\env\Lib\site-packages\django\template\base.py", line 154, in __init__
    self.nodelist = self.compile_nodelist()
                    ^^^^^^^^^^^^^^^^^^^^^^^
  File "E:\LEARNING\DevSinc Internship\DJANGO\myproject\env\Lib\site-packages\django\template\base.py", line 196, in compile_nodelist
    nodelist = parser.parse()
               ^^^^^^^^^^^^^^
  File "E:\LEARNING\DevSinc Internship\DJANGO\myproject\env\Lib\site-packages\django\template\base.py", line 512, in parse
    self.invalid_block_tag(token, command, parse_until)
  File "E:\LEARNING\DevSinc Internship\DJANGO\myproject\env\Lib\site-packages\django\template\base.py", line 573, in invalid_block_tag
    raise self.error(
django.template.exceptions.TemplateSyntaxError: Invalid block tag on line 11: 'trans'. Did you forget to register or load this tag?
ERROR "GET / HTTP/1.1" 500 195868
ERROR Internal Server Error: /fr/crud/retrieve
Traceback (most recent call last):
  File "E:\LEARNING\DevSinc Internship\DJANGO\myproject\env\Lib\site-packages\django\core\handlers\exception.py", line 55, in inner
    response = get_response(request)
               ^^^^^^^^^^^^^^^^^^^^^
  File "E:\LEARNING\DevSinc Internship\DJANGO\myproject\env\Lib\site-packages\django\core\handlers\base.py", line 197, in _get_response
    response = wrapped_callback(request, *callback_args, **callback_kwargs)
               ^^^^^^^^^^^^^^^^^^^^^^^^^^^^^^^^^^^^^^^^^^^^^^^^^^^^^^^^^^^^
  File "E:\LEARNING\DevSinc Internship\DJANGO\myproject\crud\views.py", line 72, in retrieve_view
    users = _(page_obj)
            ^^^^^^^^^^^
  File "E:\LEARNING\DevSinc Internship\DJANGO\myproject\env\Lib\site-packages\django\utils\translation\__init__.py", line 96, in gettext
    return _trans.gettext(message)
           ^^^^^^^^^^^^^^^^^^^^^^^
  File "E:\LEARNING\DevSinc Internship\DJANGO\myproject\env\Lib\site-packages\django\utils\translation\trans_real.py", line 378, in gettext
    eol_message = message.replace("\r\n", "\n").replace("\r", "\n")
                  ^^^^^^^^^^^^^^^
AttributeError: 'Page' object has no attribute 'replace'
ERROR Internal Server Error: /fr/crud/retrieve
Traceback (most recent call last):
  File "E:\LEARNING\DevSinc Internship\DJANGO\myproject\env\Lib\site-packages\django\core\handlers\exception.py", line 55, in inner
    response = get_response(request)
               ^^^^^^^^^^^^^^^^^^^^^
  File "E:\LEARNING\DevSinc Internship\DJANGO\myproject\env\Lib\site-packages\django\core\handlers\base.py", line 197, in _get_response
    response = wrapped_callback(request, *callback_args, **callback_kwargs)
               ^^^^^^^^^^^^^^^^^^^^^^^^^^^^^^^^^^^^^^^^^^^^^^^^^^^^^^^^^^^^
  File "E:\LEARNING\DevSinc Internship\DJANGO\myproject\crud\views.py", line 72, in retrieve_view
    users = _(page_obj)
            ^^^^^^^^^^^
  File "E:\LEARNING\DevSinc Internship\DJANGO\myproject\env\Lib\site-packages\django\utils\translation\__init__.py", line 96, in gettext
    return _trans.gettext(message)
           ^^^^^^^^^^^^^^^^^^^^^^^
  File "E:\LEARNING\DevSinc Internship\DJANGO\myproject\env\Lib\site-packages\django\utils\translation\trans_real.py", line 378, in gettext
    eol_message = message.replace("\r\n", "\n").replace("\r", "\n")
                  ^^^^^^^^^^^^^^^
AttributeError: 'Page' object has no attribute 'replace'
ERROR "GET /fr/crud/retrieve HTTP/1.1" 500 72268
ERROR Internal Server Error: /fr/crud/retrieve
Traceback (most recent call last):
  File "E:\LEARNING\DevSinc Internship\DJANGO\myproject\env\Lib\site-packages\django\template\base.py", line 510, in parse
    compile_func = self.tags[command]
                   ~~~~~~~~~^^^^^^^^^
KeyError: 'trans'

During handling of the above exception, another exception occurred:

Traceback (most recent call last):
  File "E:\LEARNING\DevSinc Internship\DJANGO\myproject\env\Lib\site-packages\django\core\handlers\exception.py", line 55, in inner
    response = get_response(request)
               ^^^^^^^^^^^^^^^^^^^^^
  File "E:\LEARNING\DevSinc Internship\DJANGO\myproject\env\Lib\site-packages\django\core\handlers\base.py", line 197, in _get_response
    response = wrapped_callback(request, *callback_args, **callback_kwargs)
               ^^^^^^^^^^^^^^^^^^^^^^^^^^^^^^^^^^^^^^^^^^^^^^^^^^^^^^^^^^^^
  File "E:\LEARNING\DevSinc Internship\DJANGO\myproject\crud\views.py", line 71, in retrieve_view
    return render(request, "retrieve.html", {"users":page_obj})
           ^^^^^^^^^^^^^^^^^^^^^^^^^^^^^^^^^^^^^^^^^^^^^^^^^^^^
  File "E:\LEARNING\DevSinc Internship\DJANGO\myproject\env\Lib\site-packages\django\shortcuts.py", line 25, in render
    content = loader.render_to_string(template_name, context, request, using=using)
              ^^^^^^^^^^^^^^^^^^^^^^^^^^^^^^^^^^^^^^^^^^^^^^^^^^^^^^^^^^^^^^^^^^^^^
  File "E:\LEARNING\DevSinc Internship\DJANGO\myproject\env\Lib\site-packages\django\template\loader.py", line 61, in render_to_string
    template = get_template(template_name, using=using)
               ^^^^^^^^^^^^^^^^^^^^^^^^^^^^^^^^^^^^^^^^
  File "E:\LEARNING\DevSinc Internship\DJANGO\myproject\env\Lib\site-packages\django\template\loader.py", line 15, in get_template
    return engine.get_template(template_name)
           ^^^^^^^^^^^^^^^^^^^^^^^^^^^^^^^^^^
  File "E:\LEARNING\DevSinc Internship\DJANGO\myproject\env\Lib\site-packages\django\template\backends\django.py", line 79, in get_template
    return Template(self.engine.get_template(template_name), self)
                    ^^^^^^^^^^^^^^^^^^^^^^^^^^^^^^^^^^^^^^^
  File "E:\LEARNING\DevSinc Internship\DJANGO\myproject\env\Lib\site-packages\django\template\engine.py", line 177, in get_template
    template, origin = self.find_template(template_name)
                       ^^^^^^^^^^^^^^^^^^^^^^^^^^^^^^^^^
  File "E:\LEARNING\DevSinc Internship\DJANGO\myproject\env\Lib\site-packages\django\template\engine.py", line 159, in find_template
    template = loader.get_template(name, skip=skip)
               ^^^^^^^^^^^^^^^^^^^^^^^^^^^^^^^^^^^^
  File "E:\LEARNING\DevSinc Internship\DJANGO\myproject\env\Lib\site-packages\django\template\loaders\cached.py", line 57, in get_template
    template = super().get_template(template_name, skip)
               ^^^^^^^^^^^^^^^^^^^^^^^^^^^^^^^^^^^^^^^^^
  File "E:\LEARNING\DevSinc Internship\DJANGO\myproject\env\Lib\site-packages\django\template\loaders\base.py", line 28, in get_template
    return Template(
           ^^^^^^^^^
  File "E:\LEARNING\DevSinc Internship\DJANGO\myproject\env\Lib\site-packages\django\template\base.py", line 154, in __init__
    self.nodelist = self.compile_nodelist()
                    ^^^^^^^^^^^^^^^^^^^^^^^
  File "E:\LEARNING\DevSinc Internship\DJANGO\myproject\env\Lib\site-packages\django\template\base.py", line 196, in compile_nodelist
    nodelist = parser.parse()
               ^^^^^^^^^^^^^^
  File "E:\LEARNING\DevSinc Internship\DJANGO\myproject\env\Lib\site-packages\django\template\base.py", line 518, in parse
    raise self.error(token, e)
  File "E:\LEARNING\DevSinc Internship\DJANGO\myproject\env\Lib\site-packages\django\template\base.py", line 516, in parse
    compiled_result = compile_func(self, token)
                      ^^^^^^^^^^^^^^^^^^^^^^^^^
  File "E:\LEARNING\DevSinc Internship\DJANGO\myproject\env\Lib\site-packages\django\template\loader_tags.py", line 295, in do_extends
    nodelist = parser.parse()
               ^^^^^^^^^^^^^^
  File "E:\LEARNING\DevSinc Internship\DJANGO\myproject\env\Lib\site-packages\django\template\base.py", line 518, in parse
    raise self.error(token, e)
  File "E:\LEARNING\DevSinc Internship\DJANGO\myproject\env\Lib\site-packages\django\template\base.py", line 516, in parse
    compiled_result = compile_func(self, token)
                      ^^^^^^^^^^^^^^^^^^^^^^^^^
  File "E:\LEARNING\DevSinc Internship\DJANGO\myproject\env\Lib\site-packages\django\template\loader_tags.py", line 234, in do_block
    nodelist = parser.parse(("endblock",))
               ^^^^^^^^^^^^^^^^^^^^^^^^^^^
  File "E:\LEARNING\DevSinc Internship\DJANGO\myproject\env\Lib\site-packages\django\template\base.py", line 512, in parse
    self.invalid_block_tag(token, command, parse_until)
  File "E:\LEARNING\DevSinc Internship\DJANGO\myproject\env\Lib\site-packages\django\template\base.py", line 563, in invalid_block_tag
    raise self.error(
django.template.exceptions.TemplateSyntaxError: Invalid block tag on line 4: 'trans', expected 'endblock'. Did you forget to register or load this tag?
ERROR Internal Server Error: /fr/crud/retrieve
Traceback (most recent call last):
  File "E:\LEARNING\DevSinc Internship\DJANGO\myproject\env\Lib\site-packages\django\template\base.py", line 510, in parse
    compile_func = self.tags[command]
                   ~~~~~~~~~^^^^^^^^^
KeyError: 'trans'

During handling of the above exception, another exception occurred:

Traceback (most recent call last):
  File "E:\LEARNING\DevSinc Internship\DJANGO\myproject\env\Lib\site-packages\django\core\handlers\exception.py", line 55, in inner
    response = get_response(request)
               ^^^^^^^^^^^^^^^^^^^^^
  File "E:\LEARNING\DevSinc Internship\DJANGO\myproject\env\Lib\site-packages\django\core\handlers\base.py", line 197, in _get_response
    response = wrapped_callback(request, *callback_args, **callback_kwargs)
               ^^^^^^^^^^^^^^^^^^^^^^^^^^^^^^^^^^^^^^^^^^^^^^^^^^^^^^^^^^^^
  File "E:\LEARNING\DevSinc Internship\DJANGO\myproject\crud\views.py", line 71, in retrieve_view
    return render(request, "retrieve.html", {"users":page_obj})
           ^^^^^^^^^^^^^^^^^^^^^^^^^^^^^^^^^^^^^^^^^^^^^^^^^^^^
  File "E:\LEARNING\DevSinc Internship\DJANGO\myproject\env\Lib\site-packages\django\shortcuts.py", line 25, in render
    content = loader.render_to_string(template_name, context, request, using=using)
              ^^^^^^^^^^^^^^^^^^^^^^^^^^^^^^^^^^^^^^^^^^^^^^^^^^^^^^^^^^^^^^^^^^^^^
  File "E:\LEARNING\DevSinc Internship\DJANGO\myproject\env\Lib\site-packages\django\template\loader.py", line 61, in render_to_string
    template = get_template(template_name, using=using)
               ^^^^^^^^^^^^^^^^^^^^^^^^^^^^^^^^^^^^^^^^
  File "E:\LEARNING\DevSinc Internship\DJANGO\myproject\env\Lib\site-packages\django\template\loader.py", line 15, in get_template
    return engine.get_template(template_name)
           ^^^^^^^^^^^^^^^^^^^^^^^^^^^^^^^^^^
  File "E:\LEARNING\DevSinc Internship\DJANGO\myproject\env\Lib\site-packages\django\template\backends\django.py", line 79, in get_template
    return Template(self.engine.get_template(template_name), self)
                    ^^^^^^^^^^^^^^^^^^^^^^^^^^^^^^^^^^^^^^^
  File "E:\LEARNING\DevSinc Internship\DJANGO\myproject\env\Lib\site-packages\django\template\engine.py", line 177, in get_template
    template, origin = self.find_template(template_name)
                       ^^^^^^^^^^^^^^^^^^^^^^^^^^^^^^^^^
  File "E:\LEARNING\DevSinc Internship\DJANGO\myproject\env\Lib\site-packages\django\template\engine.py", line 159, in find_template
    template = loader.get_template(name, skip=skip)
               ^^^^^^^^^^^^^^^^^^^^^^^^^^^^^^^^^^^^
  File "E:\LEARNING\DevSinc Internship\DJANGO\myproject\env\Lib\site-packages\django\template\loaders\cached.py", line 57, in get_template
    template = super().get_template(template_name, skip)
               ^^^^^^^^^^^^^^^^^^^^^^^^^^^^^^^^^^^^^^^^^
  File "E:\LEARNING\DevSinc Internship\DJANGO\myproject\env\Lib\site-packages\django\template\loaders\base.py", line 28, in get_template
    return Template(
           ^^^^^^^^^
  File "E:\LEARNING\DevSinc Internship\DJANGO\myproject\env\Lib\site-packages\django\template\base.py", line 154, in __init__
    self.nodelist = self.compile_nodelist()
                    ^^^^^^^^^^^^^^^^^^^^^^^
  File "E:\LEARNING\DevSinc Internship\DJANGO\myproject\env\Lib\site-packages\django\template\base.py", line 196, in compile_nodelist
    nodelist = parser.parse()
               ^^^^^^^^^^^^^^
  File "E:\LEARNING\DevSinc Internship\DJANGO\myproject\env\Lib\site-packages\django\template\base.py", line 518, in parse
    raise self.error(token, e)
  File "E:\LEARNING\DevSinc Internship\DJANGO\myproject\env\Lib\site-packages\django\template\base.py", line 516, in parse
    compiled_result = compile_func(self, token)
                      ^^^^^^^^^^^^^^^^^^^^^^^^^
  File "E:\LEARNING\DevSinc Internship\DJANGO\myproject\env\Lib\site-packages\django\template\loader_tags.py", line 295, in do_extends
    nodelist = parser.parse()
               ^^^^^^^^^^^^^^
  File "E:\LEARNING\DevSinc Internship\DJANGO\myproject\env\Lib\site-packages\django\template\base.py", line 518, in parse
    raise self.error(token, e)
  File "E:\LEARNING\DevSinc Internship\DJANGO\myproject\env\Lib\site-packages\django\template\base.py", line 516, in parse
    compiled_result = compile_func(self, token)
                      ^^^^^^^^^^^^^^^^^^^^^^^^^
  File "E:\LEARNING\DevSinc Internship\DJANGO\myproject\env\Lib\site-packages\django\template\loader_tags.py", line 234, in do_block
    nodelist = parser.parse(("endblock",))
               ^^^^^^^^^^^^^^^^^^^^^^^^^^^
  File "E:\LEARNING\DevSinc Internship\DJANGO\myproject\env\Lib\site-packages\django\template\base.py", line 512, in parse
    self.invalid_block_tag(token, command, parse_until)
  File "E:\LEARNING\DevSinc Internship\DJANGO\myproject\env\Lib\site-packages\django\template\base.py", line 563, in invalid_block_tag
    raise self.error(
django.template.exceptions.TemplateSyntaxError: Invalid block tag on line 4: 'trans', expected 'endblock'. Did you forget to register or load this tag?
ERROR "GET /fr/crud/retrieve HTTP/1.1" 500 245475
ERROR "GET /fr/crud/home HTTP/1.1" 500 59
ERROR "GET /fr/crud/home HTTP/1.1" 500 59
ERROR "GET /fr/crud/home HTTP/1.1" 500 59
